Started at Tue Sep 22 19:45:40 GMT+8 2026 (polyml-5.9.2_x86_64_32-windows on DESKTOP-B21EERH)
ISABELLE_TOOL_JAVA_OPTIONS="-Djava.awt.headless=true -Xms512m -Xmx4g -Xss16m"
ISABELLE_BUILD_OPTIONS=""

ML_PLATFORM="x86_64_32-windows"
ML_HOME="<ISABELLE_HOME>/contrib/polyml-5.9.2-2/x86_64_32-windows"
ML_SYSTEM="polyml-5.9.2"
ML_OPTIONS="--minheap 500"

Session Pure/Pure
Session Misc/Tools
Session HOL/HOL (main)
Session Unsorted/AMR_Extraction_Faithfulness
Running AMR_Extraction_Faithfulness ...
AMR_Extraction_Faithfulness: theory AMR_Extraction_Faithfulness.AMR_Extraction
AMR_Extraction_Faithfulness FAILED (see also "isabelle build_log -H Error AMR_Extraction_Faithfulness")
*** Failed to finish proof (line 122 of "https://github.com/wrwei/genai-fm-trust-boundaries/blob/main/formal-artefacts/amr-extraction-faithfulness/hol/AMR_Extraction.thy"):
*** goal (1 subgoal):
***  1. (result_list (source_result env rs) = [a]) =
***     (source_result env rs =
***      Some
***       a)
*** At command "by" (line 122 of "https://github.com/wrwei/genai-fm-trust-boundaries/blob/main/formal-artefacts/amr-extraction-faithfulness/hol/AMR_Extraction.thy")
*** 
*** At command "ML" (line 145 of "https://github.com/wrwei/genai-fm-trust-boundaries/blob/main/formal-artefacts/amr-extraction-faithfulness/hol/AMR_Extraction.thy")
*** Failed to finish proof (line 125 of "https://github.com/wrwei/genai-fm-trust-boundaries/blob/main/formal-artefacts/amr-extraction-faithfulness/hol/AMR_Extraction.thy"):
*** goal (1 subgoal):
***  1. (result_list (source_result env rs) = []) =
***     (source_result env rs =
***      None)
*** At command "by" (line 125 of "https://github.com/wrwei/genai-fm-trust-boundaries/blob/main/formal-artefacts/amr-extraction-faithfulness/hol/AMR_Extraction.thy")
*** Failed to finish proof (line 122 of "https://github.com/wrwei/genai-fm-trust-boundaries/blob/main/formal-artefacts/amr-extraction-faithfulness/hol/AMR_Extraction.thy"):
*** goal (1 subgoal):
***  1. (result_list (source_result env rs) = [a]) =
***     (source_result env rs =
***      Some
***       a)
*** At command "by" (line 122 of "https://github.com/wrwei/genai-fm-trust-boundaries/blob/main/formal-artefacts/amr-extraction-faithfulness/hol/AMR_Extraction.thy")
Unfinished session(s): AMR_Extraction_Faithfulness

Finished at Tue Sep 22 19:45:48 GMT+8 2026
0:00:08 elapsed time
