Started at Tue Sep 22 20:27:33 GMT+8 2026 (polyml-5.9.2_x86_64_32-windows on DESKTOP-B21EERH)
ISABELLE_TOOL_JAVA_OPTIONS="-Djava.awt.headless=true -Xms512m -Xmx4g -Xss16m"
ISABELLE_BUILD_OPTIONS=""

ML_PLATFORM="x86_64_32-windows"
ML_HOME="<ISABELLE_HOME>/contrib/polyml-5.9.2-2/x86_64_32-windows"
ML_SYSTEM="polyml-5.9.2"
ML_OPTIONS="--minheap 500"

Session Pure/Pure
Session Misc/Tools
Session HOL/HOL (main)
Session Unsorted/AMR_Progress_Obligations
Running AMR_Progress_Obligations ...
AMR_Progress_Obligations: theory AMR_Progress_Obligations.AMR_Progress
AMR_Progress_Obligations: theory AMR_Progress_Obligations.AMR_Progress 100% (1.879s cumulated time)
Timing AMR_Progress_Obligations (2 threads, 0.925s elapsed time, 1.375s cpu time, 0.031s GC time, factor 1.49)
Finished AMR_Progress_Obligations (0:00:02 elapsed time)
Exporting AMR_Progress_Obligations ...
export "https://github.com/wrwei/genai-fm-trust-boundaries/blob/main/formal-artefacts/amr-progress-obligations/hol/export/AMR_Progress_Obligations.AMR_Progress/progress-audit.txt"

Finished at Tue Sep 22 20:27:40 GMT+8 2026
0:00:07 elapsed time
